CREATE EXTENSION pg_bswap;
-- val fixed
SELECT bswap(1::bool);
 bswap 
-------
 t
(1 row)

SELECT bswap(1::char);
 bswap 
-------
 1
(1 row)

SELECT bswap(1::int2);
 bswap 
-------
   256
(1 row)

SELECT bswap(1::int4);
  bswap   
----------
 16777216
(1 row)

SELECT bswap(1::int8);
       bswap       
-------------------
 72057594037927936
(1 row)

SELECT bswap(-2::int2);
 bswap 
-------
  -257
(1 row)

SELECT bswap(-2::int4);
   bswap   
-----------
 -16777217
(1 row)

SELECT bswap(-2::int8);
       bswap        
--------------------
 -72057594037927937
(1 row)

-- ref varlena
SELECT bswap('abc'::text);
 bswap 
-------
 cba
(1 row)

SELECT bswap('123'::json);
 bswap 
-------
 321
(1 row)

-- ref fixed
select bswap(('a0eebc99-9c0b-4ef8-bb6d-6bb9bd380a11')::uuid);
                bswap                 
--------------------------------------
 110a38bd-b96b-6dbb-f84e-0b9c99bceea0
(1 row)

